// Jest Snapshot v1, https://goo.gl/fbAQLP

exports[`pages/GameDetails/GameScore should render GameScore that matches snapshot 1`] = `
<body>
  <div>
    <div
      class="min-h-[64px] bg-white shadow flex items-center"
    >
      <div
        class="container mx-auto flex justify-around md:justify-start divide-x"
      >
        <div
          aria-label="game score"
          class="flex w-[370px] items-center"
        >
          <img
            alt="Lakers logo"
            height="52"
            loading="lazy"
            src="https://cdn.nba.com/logos/nba/1/global/L/logo.svg"
            width="52"
          />
          <div
            class="w-[72px]"
          >
            <p
              class="text-3xl font-bold text-center"
            >
              92
            </p>
          </div>
          <div
            class="flex-grow flex justify-around"
          >
            <p
              class="text-sm uppercase font-bold"
            >
              FINAL
            </p>
          </div>
          <div
            class="w-[72px]"
          >
            <p
              class="text-3xl font-bold text-center"
            >
              131
            </p>
          </div>
          <img
            alt="Celtics logo"
            height="52"
            loading="lazy"
            src="https://cdn.nba.com/logos/nba/2/global/L/logo.svg"
            width="52"
          />
        </div>
      </div>
    </div>
  </div>
</body>
`;
