// Jest Snapshot v1, https://goo.gl/fbAQLP

exports[`pages/Scoreboard/ScoreboardCard/GameStatusText/LiveStatus should render LiveStatus that matches snapshot 1`] = `
<body>
  <div>
    <span
      class="flex text-xs items-center gap-1 bg-red-800 text-white pl-2 pr-2 rounded"
    >
      <svg
        aria-hidden="true"
        class="h-3 w-3"
        fill="currentColor"
        viewBox="0 0 24 24"
        xmlns="http://www.w3.org/2000/svg"
      >
        <path
          d="M4.5 4.5a3 3 0 00-3 3v9a3 3 0 003 3h8.25a3 3 0 003-3v-9a3 3 0 00-3-3H4.5zM19.94 18.75l-2.69-2.69V7.94l2.69-2.69c.944-.945 2.56-.276 2.56 1.06v11.38c0 1.336-1.616 2.005-2.56 1.06z"
        />
      </svg>
      LIVE
    </span>
  </div>
</body>
`;
