// Jest Snapshot v1, https://goo.gl/fbAQLP

exports[`pages/GameDetails/Summary/Linescores/TopPerformers/TopPerformer/TopPerformerStats should render TopPerformerStats that matches snapshot 1`] = `
<body>
  <div>
    <div>
      <p
        class="text-center font-bold text-xl"
      >
        100
      </p>
      <p
        class="text-center text-sm uppercase"
      >
        Pts
      </p>
    </div>
  </div>
</body>
`;
